Microchip MPLAB XC8 Compiler V2.40

Linker command line:

-W-3 \
  --edf=C:\Program Files\Microchip\xc8\v2.40\pic\dat\20220703182018_en.msgs \
  -cn -h+dist/default/production\Proyecto2.X.production.sym \
  --cmf=dist/default/production\Proyecto2.X.production.cmf -z -Q16F887 \
  -oC:\Users\byron\AppData\Local\Temp\xcAs2buc.4 --defsym=__MPLAB_BUILD=1 \
  --fixupoverflow=error \
  -Mdist/default/production/Proyecto2.X.production.map \
  --md=C:\Users\byron\AppData\Local\Temp\xcAs2buc.dat -E1 -ver=XC8 Compiler \
  --acfsm=1493 -ACODE=00h-07FFhx4 -ASTRCODE=00h-01FFFh -ASTRING=00h-0FFhx32 \
  -ACONST=00h-0FFhx32 -AENTRY=00h-0FFhx32 -ACOMMON=070h-07Fh \
  -ABANK0=020h-06Fh -ABANK1=0A0h-0EFh -ABANK2=0110h-016Fh \
  -ABANK3=0190h-01EFh -ARAM=020h-06Fh,0A0h-0EFh,0110h-016Fh,0190h-01EFh \
  -AABS1=020h-07Fh,0A0h-0EFh,0110h-016Fh,0190h-01EFh -ASFR0=00h-01Fh \
  -ASFR1=080h-09Fh -ASFR2=0100h-010Fh -ASFR3=0180h-018Fh \
  -ACONFIG=02007h-02008h -DCONFIG=2 -AIDLOC=02000h-02003h -DIDLOC=2 \
  -AEEDATA=00h-0FFh/02100h -peeprom_data=EEDATA -DEEDATA=2 -DCODE=2 \
  -DSTRCODE=2 -DSTRING=2 -DCONST=2 -DENTRY=2 \
  -preset_vec=00h,intentry=04h,init,end_init -ppowerup=CODE -pcinit=CODE \
  -pfunctab=ENTRY -k C:\Users\byron\AppData\Local\Temp\xcAs2buc.o \
  dist/default/production\Proyecto2.X.production.o 

Object code version is 3.11

Machine type is 16F887



                Name                               Link     Load   Length Selector   Space Scale
C:\Users\byron\AppData\Local\Temp\xcAs2buc.o
                end_init                              C        C        3        8       0
                reset_vec                             0        0        3        0       0
                config                             2007     2007        2        0       4
                idloc                              2000     2000        4        0       5
dist/default/production\Proyecto2.X.production.o
                cinit                                 F        F       19        8       0
                intentry                              4        4        8        8       0
                config                             2007     2007        2        0       4
                idloc                              2000     2000        4        0       5
                text15                              D4A      D4A       11     1A94       0
                text14                              7BE      7BE       3D        8       0
                text13                              36D      36D      258        8       0
                text12                              DA7      DA7       29     1B4E       0
                text11                               28       28      345        8       0
                text10                              F88      F88       78     1F10       0
                text9                               704      704       BA        8       0
                text8                               E69      E69       5B     1CD2       0
                text7                               EC4      EC4       5B     1D88       0
                text6                               F1F      F1F       69     1E3E       0
                text5                               D80      D80       27     1B00       0
                text4                               E2E      E2E       3B     1C5C       0
                text3                               DD0      DD0       2B     1BA0       0
                text2                               DFB      DFB       33     1BF6       0
                text1                               D5B      D5B       25     1AB6       0
                maintext                            5C5      5C5      13F        8       0
                cstackBANK0                          20       20       46       20       1
                cstackCOMMON                         70       70        5       70       1
                cstackBANK1                          A4       A4        4       A0       1
                bssBANK1                             A0       A0        4       A0       1
                bssBANK0                             66       66        9       20       1
                bssCOMMON                            75       75        4       70       1

TOTAL           Name                               Link     Load   Length     Space
        CLASS   CODE           
                end_init                              C        C        3         0
                cinit                                 F        F       19         0
                intentry                              4        4        8         0
                reset_vec                             0        0        3         0
                text15                              D4A      D4A       11         0
                text14                              7BE      7BE       3D         0
                text13                              36D      36D      258         0
                text12                              DA7      DA7       29         0
                text11                               28       28      345         0
                text10                              F88      F88       78         0
                text9                               704      704       BA         0
                text8                               E69      E69       5B         0
                text7                               EC4      EC4       5B         0
                text6                               F1F      F1F       69         0
                text5                               D80      D80       27         0
                text4                               E2E      E2E       3B         0
                text3                               DD0      DD0       2B         0
                text2                               DFB      DFB       33         0
                text1                               D5B      D5B       25         0
                maintext                            5C5      5C5      13F         0

        CLASS   STRCODE        

        CLASS   STRING         

        CLASS   CONST          

        CLASS   ENTRY          

        CLASS   COMMON         
                cstackCOMMON                         70       70        5         1
                bssCOMMON                            75       75        4         1

        CLASS   BANK0          
                cstackBANK0                          20       20       46         1
                bssBANK0                             66       66        9         1

        CLASS   BANK1          
                cstackBANK1                          A4       A4        4         1
                bssBANK1                             A0       A0        4         1

        CLASS   BANK2          

        CLASS   BANK3          

        CLASS   RAM            

        CLASS   ABS1           
                abs_s1                               7E       7E        2         1

        CLASS   SFR0           

        CLASS   SFR1           

        CLASS   SFR2           

        CLASS   SFR3           

        CLASS   CONFIG         
                config                             2007     2007        2         4

        CLASS   IDLOC          
                idloc                              2000     2000        4         5

        CLASS   EEDATA         

        CLASS   STACK          



SEGMENTS        Name                           Load    Length   Top    Selector   Space  Class     Delta

                reset_vec                      000000  000003  000003         0       0  CODE        2
                intentry                       000004  0007F7  0007FB         8       0  CODE        2
                cstackBANK0                    000020  00004F  00006F        20       1  BANK0       1
                cstackCOMMON                   000070  000009  000079        70       1  COMMON      1
                bssBANK1                       0000A0  000008  0000A8        A0       1  BANK1       1
                text15                         000D4A  000011  000D5B      1A94       0  CODE        2
                text1                          000D5B  000025  000D80      1AB6       0  CODE        2
                text5                          000D80  000027  000DA7      1B00       0  CODE        2
                text12                         000DA7  000029  000DD0      1B4E       0  CODE        2
                text3                          000DD0  00002B  000DFB      1BA0       0  CODE        2
                text2                          000DFB  000033  000E2E      1BF6       0  CODE        2
                text4                          000E2E  00003B  000E69      1C5C       0  CODE        2
                text8                          000E69  00005B  000EC4      1CD2       0  CODE        2
                text7                          000EC4  00005B  000F1F      1D88       0  CODE        2
                text6                          000F1F  000069  000F88      1E3E       0  CODE        2
                text10                         000F88  000078  001000      1F10       0  CODE        2


UNUSED ADDRESS RANGES

        Name                Unused          Largest block    Delta
        BANK0            006F-006F              1           1
        BANK1            00A8-00EF             48           1
        BANK2            0110-016F             60           1
        BANK3            0190-01EF             60           1
        CODE             0003-0003              1           2
                         07FB-0D49              5
                         1000-1FFF            800
        COMMON           0079-007D              5           1
        CONST            0003-0003              1           2
                         07FB-0D49            100
                         1000-1FFF            100
        EEDATA           2100-21FF            100           2
        ENTRY            0003-0003              1           2
                         07FB-0D49            100
                         1000-1FFF            100
        RAM              006F-006F              1           1
                         00A8-00EF             48
                         0110-016F             60
                         0190-01EF             60
        SFR0             0000-001F             20           1
        SFR1             0080-009F             20           1
        SFR2             0100-010F             10           1
        SFR3             0180-018F             10           1
        STRCODE          0003-0003              1           2
                         07FB-0D49            54F
                         1000-1FFF           1000
        STRING           0003-0003              1           2
                         07FB-0D49            100
                         1000-1FFF            100

                                  Symbol Table

?__Umul8_16              cstackBANK0  0020
?___awdiv                cstackBANK0  0026
?___fladd                cstackBANK0  0048
?___flmul                cstackBANK0  002E
?___fltol                cstackBANK0  005C
?___wmul                 cstackBANK0  0020
?___xxtofl               cstackBANK0  0020
?_map                    cstackBANK0  002F
_ADC1                    bssBANK0     006C
_ADC2                    bssBANK0     006A
_ADC3                    bssBANK0     0068
_ADC4                    bssBANK0     0066
_ADCON0bits              (abs)        001F
_ADCON1bits              (abs)        009F
_ADIF                    (abs)        0066
_ADRESH                  (abs)        001E
_ANSELH                  (abs)        0189
_ANSELbits               (abs)        0188
_CCP1CONbits             (abs)        0017
_CCP2CONbits             (abs)        001D
_CCPR1L                  (abs)        0015
_CCPR2L                  (abs)        001B
_INTCONbits              (abs)        000B
_IOCB                    (abs)        0096
_MODO                    bssBANK0     006E
_OPTION_REGbits          (abs)        0081
_OSCCONbits              (abs)        008F
_PIR1bits                (abs)        000C
_PORTA                   (abs)        0005
_PORTB                   (abs)        0006
_PORTBbits               (abs)        0006
_PORTC                   (abs)        0007
_PORTCbits               (abs)        0007
_PORTD                   (abs)        0008
_PORTDbits               (abs)        0008
_PR2                     (abs)        0092
_SERVO1                  bssCOMMON    0077
_SERVO2                  bssCOMMON    0075
_SERVO3                  bssBANK1     00A2
_SERVO4                  bssBANK1     00A0
_T2CONbits               (abs)        0012
_TMR0                    (abs)        0001
_TRISA                   (abs)        0085
_TRISAbits               (abs)        0085
_TRISB                   (abs)        0086
_TRISC                   (abs)        0087
_TRISCbits               (abs)        0087
_TRISD                   (abs)        0088
__Habs1                  abs1         0000
__Hbank0                 bank0        0000
__Hbank1                 bank1        0000
__Hbank2                 bank2        0000
__Hbank3                 bank3        0000
__HbssBANK0              bssBANK0     0000
__HbssBANK1              bssBANK1     0000
__HbssCOMMON             bssCOMMON    0000
__Hcinit                 cinit        0028
__Hclrtext               clrtext      0000
__Hcode                  code         0000
__Hcommon                common       0000
__Hconfig                config       2009
__HcstackBANK0           cstackBANK0  0000
__HcstackBANK1           cstackBANK1  0000
__HcstackCOMMON          cstackCOMMON 0000
__Heeprom_data           eeprom_data  0000
__Hend_init              end_init     000F
__Hfunctab               functab      0000
__Hidloc                 idloc        2004
__Hinit                  init         000C
__Hintentry              intentry     000C
__Hmaintext              maintext     0000
__Hpowerup               powerup      0000
__Hram                   ram          0000
__Hreset_vec             reset_vec    0003
__Hsfr0                  sfr0         0000
__Hsfr1                  sfr1         0000
__Hsfr2                  sfr2         0000
__Hsfr3                  sfr3         0000
__Hspace_0               (abs)        1000
__Hspace_1               (abs)        00A8
__Hspace_2               (abs)        0000
__Hspace_3               (abs)        0000
__Hspace_4               (abs)        4010
__Hstack                 stack        0000
__Hstrings               strings      0000
__Htext                  text         0000
__Labs1                  abs1         0000
__Lbank0                 bank0        0000
__Lbank1                 bank1        0000
__Lbank2                 bank2        0000
__Lbank3                 bank3        0000
__LbssBANK0              bssBANK0     0000
__LbssBANK1              bssBANK1     0000
__LbssCOMMON             bssCOMMON    0000
__Lcinit                 cinit        000F
__Lclrtext               clrtext      0000
__Lcode                  code         0000
__Lcommon                common       0000
__Lconfig                config       0000
__LcstackBANK0           cstackBANK0  0000
__LcstackBANK1           cstackBANK1  0000
__LcstackCOMMON          cstackCOMMON 0000
__Leeprom_data           eeprom_data  0000
__Lend_init              end_init     000C
__Lfunctab               functab      0000
__Lidloc                 idloc        0000
__Linit                  init         000C
__Lintentry              intentry     0004
__Lmaintext              maintext     0000
__Lpowerup               powerup      0000
__Lram                   ram          0000
__Lreset_vec             reset_vec    0000
__Lsfr0                  sfr0         0000
__Lsfr1                  sfr1         0000
__Lsfr2                  sfr2         0000
__Lsfr3                  sfr3         0000
__Lspace_0               (abs)        0000
__Lspace_1               (abs)        0000
__Lspace_2               (abs)        0000
__Lspace_3               (abs)        0000
__Lspace_4               (abs)        0000
__Lstack                 stack        0000
__Lstrings               strings      0000
__Ltext                  text         0000
__S0                     (abs)        1000
__S1                     (abs)        00A8
__S3                     (abs)        0000
__Umul8_16               text12       0DA7
__Umul8_16@multiplicand  cstackBANK0  0020
__Umul8_16@multiplier    cstackBANK0  0028
__Umul8_16@product       cstackBANK0  0024
__Umul8_16@word_mpld     cstackBANK0  0026
___awdiv                 text6        0F1F
___awdiv@counter         cstackBANK0  002B
___awdiv@dividend        cstackBANK0  0028
___awdiv@divisor         cstackBANK0  0026
___awdiv@quotient        cstackBANK0  002D
___awdiv@sign            cstackBANK0  002C
___fladd                 text13       036D
___fladd@a               cstackBANK0  004C
___fladd@aexp            cstackBANK0  0059
___fladd@b               cstackBANK0  0048
___fladd@bexp            cstackBANK0  005A
___fladd@grs             cstackBANK0  005B
___fladd@signs           cstackBANK0  0058
___flmul                 text11       0028
___flmul@a               cstackBANK0  0032
___flmul@aexp            cstackBANK0  003C
___flmul@b               cstackBANK0  002E
___flmul@bexp            cstackBANK0  0041
___flmul@grs             cstackBANK0  003D
___flmul@prod            cstackBANK0  0042
___flmul@sign            cstackBANK0  003B
___flmul@temp            cstackBANK0  0046
___fltol                 text10       0F88
___fltol@exp1            cstackBANK0  0065
___fltol@f1              cstackBANK0  005C
___fltol@sign1           cstackBANK0  0064
___int_sp                stack        0000
___latbits               (abs)        0002
___sp                    stack        0000
___stackhi               (abs)        0000
___stacklo               (abs)        0000
___wmul                  text5        0D80
___wmul@multiplicand     cstackBANK0  0022
___wmul@multiplier       cstackBANK0  0020
___wmul@product          cstackBANK0  0024
___xxtofl                text9        0704
___xxtofl@arg            cstackBANK0  002A
___xxtofl@exp            cstackBANK0  0029
___xxtofl@sign           cstackBANK0  0028
___xxtofl@val            cstackBANK0  0020
__end_of__Umul8_16       text12       0DD0
__end_of___awdiv         text6        0F88
__end_of___fladd         text13       05C5
__end_of___flmul         text11       036D
__end_of___fltol         text10       1000
__end_of___wmul          text5        0DA7
__end_of___xxtofl        text9        07BE
__end_of__initialization cinit        0024
__end_of_conv_s1         text8        0EC4
__end_of_conv_s2         text7        0F1F
__end_of_estado_alto     text15       0D5B
__end_of_isr             text14       07FB
__end_of_main            maintext     0704
__end_of_map             text4        0E69
__end_of_setup           text3        0DFB
__end_of_setupADC        text2        0E2E
__end_of_setupPWM        text1        0D80
__initialization         cinit        000F
__pbssBANK0              bssBANK0     0066
__pbssBANK1              bssBANK1     00A0
__pbssCOMMON             bssCOMMON    0075
__pcstackBANK0           cstackBANK0  0020
__pcstackBANK1           cstackBANK1  00A4
__pcstackCOMMON          cstackCOMMON 0070
__pintentry              intentry     0004
__pmaintext              maintext     05C5
__ptext1                 text1        0D5B
__ptext10                text10       0F88
__ptext11                text11       0028
__ptext12                text12       0DA7
__ptext13                text13       036D
__ptext14                text14       07BE
__ptext15                text15       0D4A
__ptext2                 text2        0DFB
__ptext3                 text3        0DD0
__ptext4                 text4        0E2E
__ptext5                 text5        0D80
__ptext6                 text6        0F1F
__ptext7                 text7        0EC4
__ptext8                 text8        0E69
__ptext9                 text9        0704
_conv_s1                 text8        0E69
_conv_s2                 text7        0EC4
_estado_alto             text15       0D4A
_isr                     text14       07BE
_main                    maintext     05C5
_map                     text4        0E2E
_setup                   text3        0DD0
_setupADC                text2        0DFB
_setupPWM                text1        0D5B
btemp                    (abs)        007E
conv_s1@valor            cstackBANK1  00A4
conv_s2@valor            cstackBANK1  00A4
end_of_initialization    cinit        0024
estado_alto@seg          cstackCOMMON 0070
interrupt_function       intentry     0004
intlevel0                functab      0000
intlevel1                functab      0000
intlevel2                functab      0000
intlevel3                functab      0000
intlevel4                functab      0000
intlevel5                functab      0000
map@ADC                  cstackBANK0  003A
map@entrada_max          cstackBANK0  0031
map@entrada_min          cstackBANK0  002F
map@salida_max           cstackBANK0  0035
map@salida_min           cstackBANK0  0033
reset_vec                reset_vec    0000
saved_w                  (abs)        007E
start                    init         000C
start_initialization     cinit        000F
wtemp0                   (abs)        007E


MODULE INFORMATION

Module		Function		Class		Link	Load	Size
C:\Program Files\Microchip\xc8\v2.40\pic\sources\c90\common\fltol.c
		___fltol       		CODE           	0F88	0000	120

C:\Program Files\Microchip\xc8\v2.40\pic\sources\c90\common\fltol.c estimated size: 120

C:\Program Files\Microchip\xc8\v2.40\pic\sources\c90\common\awdiv.c
		___awdiv       		CODE           	0F1F	0000	105

C:\Program Files\Microchip\xc8\v2.40\pic\sources\c90\common\awdiv.c estimated size: 105

C:\Program Files\Microchip\xc8\v2.40\pic\sources\c90\common\sprcmul.c
		___flmul       		CODE           	0028	0000	837

C:\Program Files\Microchip\xc8\v2.40\pic\sources\c90\common\sprcmul.c estimated size: 837

C:\Program Files\Microchip\xc8\v2.40\pic\sources\c90\common\Umul8_16.c
		__Umul8_16     		CODE           	0DA7	0000	41

C:\Program Files\Microchip\xc8\v2.40\pic\sources\c90\common\Umul8_16.c estimated size: 41

C:\Program Files\Microchip\xc8\v2.40\pic\sources\c90\common\Umul16.c
		___wmul        		CODE           	0D80	0000	39

C:\Program Files\Microchip\xc8\v2.40\pic\sources\c90\common\Umul16.c estimated size: 39

shared
		__initialization		CODE           	000F	0000	21

shared estimated size: 21

C:\Program Files\Microchip\xc8\v2.40\pic\sources\c90\common\sprcadd.c
		___fladd       		CODE           	036D	0000	600

C:\Program Files\Microchip\xc8\v2.40\pic\sources\c90\common\sprcadd.c estimated size: 600

main.c
		_conv_s1       		CODE           	0E69	0000	91
		_map           		CODE           	0E2E	0000	59
		_setupPWM      		CODE           	0D5B	0000	37
		_main          		CODE           	05C5	0000	319
		_isr           		CODE           	07BE	0000	61
		_conv_s2       		CODE           	0EC4	0000	91
		_estado_alto   		CODE           	0D4A	0000	17
		_setup         		CODE           	0DD0	0000	43
		_setupADC      		CODE           	0DFB	0000	51

main.c estimated size: 769

C:\Program Files\Microchip\xc8\v2.40\pic\sources\c90\common\xxtofl.c
		___xxtofl      		CODE           	0704	0000	186

C:\Program Files\Microchip\xc8\v2.40\pic\sources\c90\common\xxtofl.c estimated size: 186

